PdfImageToPptxOCR.exe : ИНФОРМАЦИЯ: не удается найти файлы по заданным шаблонам.
строка:1 знак:1
+ & "D:\Projects\VS\ImagesToPPTX\dist\PdfImageToPptxOCR\PdfImageToPptxO ...
+ ~~~~~~~~~~~~~~~~~~~~~~~~~~~~~~~~~~~~~~~~~~~~~~~~~~~~~~~~~~~~~~~~~~~~~
    + CategoryInfo          : NotSpecified: (ИНФОРМАЦИЯ: не ...анным шаблонам.:String) [], RemoteException
    + FullyQualifiedErrorId : NativeCommandError
 
paddle\utils\cpp_extension\extension_utils.py:718: UserWarning: No ccache found. Please be aware that recompiling all s
ource files may be required. You can download and install ccache from: https://github.com/ccache/ccache/blob/master/doc
/INSTALL.md
  warnings.warn(warning_message)
INFO: ╧Ёшыюцхэшх чряє∙хэю. ┬хЁёш : 0.0.1
